// 重构日志: 8f8e80fc
// 重构日志: ad2b49ab
// 重构日志: f60be8e3
// 同步 ID: dbca6bfa @ Tue Jul 14 06:48:41 UTC 2026
// 同步 ID: 247909b6 @ Wed Jul 15 01:05:46 UTC 2026
// 同步 ID: 8761e5d0 @ Thu Jul 16 12:39:21 UTC 2026
// 重构日志: 2b777684
// 同步 ID: 5159e12b @ Sun Jul 19 12:47:08 UTC 2026
// 同步 ID: a93b23b4 @ Tue Jul 21 13:58:10 UTC 2026
// 重构日志: ed9131fd
// 同步 ID: 4e518005 @ Sat Jul 25 06:50:31 UTC 2026
// 同步 ID: f0b836ef @ Sat Jul 25 12:00:19 UTC 2026
// 重构日志: 432a36f9
// 重构日志: 86d63253
// 重构日志: b2c6839a
// 同步 ID: 505a4e66 @ Wed Jul 29 16:07:34 UTC 2026
// 重构日志: b463c23d
// 重构日志: 099629ac
// 同步 ID: 701bf15e @ Sat Aug  1 12:25:00 UTC 2026
// 同步 ID: df15a23f @ Sat Aug  1 16:02:22 UTC 2026
// 重构日志: 34443145
// 重构日志: 06fd43da
